[
  {
    "action_id": "dcad4c04-e19b-5c90-835b-80c5fd3ab792",
    "stage": "preflight"
  }
]
