[
  {
    "action_id": "9f12ff73-ae2e-5d31-a4fb-1e811454e74b",
    "stage": "apply.attempt"
  },
  {
    "action_id": "e02c8516-605d-5d83-a4c9-071ee6a9372e",
    "stage": "apply.attempt"
  }
]
